// Jest Snapshot v1, https://goo.gl/fbAQLP

exports[`renders ./antdv-demo/docs/locale-provider/demo/all.md correctly 1`] = `
<div>
  <div class="change-locale"><span style="margin-right: 16px;">Change locale of components: </span>
    <div class="ant-radio-group ant-radio-group-outline ant-radio-group-default"><label class="ant-radio-button-wrapper ant-radio-button-wrapper-checked"><span class="ant-radio-button ant-radio-button-checked"><input type="radio" class="ant-radio-button-input" value=""><span class="ant-radio-button-inner"></span></span><span>English</span></label><label class="ant-radio-button-wrapper"><span class="ant-radio-button"><input type="radio" class="ant-radio-button-input" value="[object Object]"><span class="ant-radio-button-inner"></span></span><span>中文</span></label></div>
  </div>
  <div class="locale-components">
    <div class="example">
      <ul unselectable="unselectable" class="ant-pagination">
        <li title="Previous Page" aria-disabled="true" class="ant-pagination-disabled ant-pagination-prev"><a class="ant-pagination-item-link"><i aria-label="icon: left" class="anticon anticon-left"><svg viewBox="64 64 896 896" data-icon="left" width="1em" height="1em" fill="currentColor" aria-hidden="true" focusable="false" class="">
                <path d="M724 218.3V141c0-6.7-7.7-10.4-12.9-6.3L260.3 486.8a31.86 31.86 0 0 0 0 50.3l450.8 352.1c5.3 4.1 12.9.4 12.9-6.3v-77.3c0-4.9-2.3-9.6-6.1-12.6l-360-281 360-281.1c3.8-3 6.1-7.7 6.1-12.6z"></path>
              </svg></i></a></li>
        <li title="1" tabindex="0" class="ant-pagination-item ant-pagination-item-1 ant-pagination-item-active"><a>1</a></li>
        <li title="2" tabindex="0" class="ant-pagination-item ant-pagination-item-2"><a>2</a></li>
        <li title="3" tabindex="0" class="ant-pagination-item ant-pagination-item-3"><a>3</a></li>
        <li title="4" tabindex="0" class="ant-pagination-item ant-pagination-item-4"><a>4</a></li>
        <li title="5" tabindex="0" class="ant-pagination-item ant-pagination-item-5"><a>5</a></li>
        <li title="Next Page" tabindex="0" class=" ant-pagination-next"><a class="ant-pagination-item-link"><i aria-label="icon: right" class="anticon anticon-right"><svg viewBox="64 64 896 896" data-icon="right" width="1em" height="1em" fill="currentColor" aria-hidden="true" focusable="false" class="">
                <path d="M765.7 486.8L314.9 134.7A7.97 7.97 0 0 0 302 141v77.3c0 4.9 2.3 9.6 6.1 12.6l360 281.1-360 281.1c-3.9 3-6.1 7.7-6.1 12.6V883c0 6.7 7.7 10.4 12.9 6.3l450.8-352.1a31.96 31.96 0 0 0 0-50.4z"></path>
              </svg></i></a></li>
        <li class="ant-pagination-options">
          <div tabindex="0" class="ant-select ant-select-enabled ant-pagination-options-size-changer">
            <div role="combobox" aria-autocomplete="list" aria-haspopup="true" aria-controls="test-uuid" class="ant-select-selection ant-select-selection--single">
              <div class="ant-select-selection__rendered">
                <div title="10 / page" class="ant-select-selection-selected-value" style="display: block; opacity: 1;">10 / page</div>
              </div><span unselectable="on" class="ant-select-arrow" style="user-select: none;"><i aria-label="icon: down" class="anticon anticon-down ant-select-arrow-icon"><svg viewBox="64 64 896 896" data-icon="down" width="1em" height="1em" fill="currentColor" aria-hidden="true" focusable="false" class=""><path d="M884 256h-75c-5.1 0-9.9 2.5-12.9 6.6L512 654.2 227.9 262.6c-3-4.1-7.8-6.6-12.9-6.6h-75c-6.5 0-10.3 7.4-6.5 12.7l352.6 486.1c12.8 17.6 39 17.6 51.7 0l352.6-486.1c3.9-5.3.1-12.7-6.4-12.7z"></path></svg></i></span>
            </div>
          </div>
        </li>
      </ul>
    </div>
    <div class="example">
      <div tabindex="0" class="ant-select ant-select-enabled" style="width: 200px;">
        <div role="combobox" aria-autocomplete="list" aria-haspopup="true" aria-controls="test-uuid" class="ant-select-selection ant-select-selection--single">
          <div class="ant-select-selection__rendered">
            <div class="ant-select-search ant-select-search--inline" style="display: none;">
              <div class="ant-select-search__field__wrap"><input autocomplete="off" value="" class="ant-select-search__field"><span class="ant-select-search__field__mirror">&nbsp;</span></div>
            </div>
          </div><span unselectable="on" class="ant-select-arrow" style="user-select: none;"><i aria-label="icon: down" class="anticon anticon-down ant-select-arrow-icon"><svg viewBox="64 64 896 896" data-icon="down" width="1em" height="1em" fill="currentColor" aria-hidden="true" focusable="false" class=""><path d="M884 256h-75c-5.1 0-9.9 2.5-12.9 6.6L512 654.2 227.9 262.6c-3-4.1-7.8-6.6-12.9-6.6h-75c-6.5 0-10.3 7.4-6.5 12.7l352.6 486.1c12.8 17.6 39 17.6 51.7 0l352.6-486.1c3.9-5.3.1-12.7-6.4-12.7z"></path></svg></i></span>
        </div>
      </div> <span class="ant-calendar-picker"><div class=""><input readonly="true" placeholder="Select date" class="ant-calendar-picker-input ant-input"><i aria-label="icon: calendar" class="anticon anticon-calendar ant-calendar-picker-icon"><svg viewBox="64 64 896 896" data-icon="calendar" width="1em" height="1em" fill="currentColor" aria-hidden="true" focusable="false" class=""><path d="M880 184H712v-64c0-4.4-3.6-8-8-8h-56c-4.4 0-8 3.6-8 8v64H384v-64c0-4.4-3.6-8-8-8h-56c-4.4 0-8 3.6-8 8v64H144c-17.7 0-32 14.3-32 32v664c0 17.7 14.3 32 32 32h736c17.7 0 32-14.3 32-32V216c0-17.7-14.3-32-32-32zm-40 656H184V460h656v380zM184 392V256h128v48c0 4.4 3.6 8 8 8h56c4.4 0 8-3.6 8-8v-48h256v48c0 4.4 3.6 8 8 8h56c4.4 0 8-3.6 8-8v-48h128v136H184z"></path></svg></i></div></span> <span class="ant-time-picker"><input type="text" placeholder="Select time" class="ant-time-picker-input"><span class="ant-time-picker-icon"><i aria-label="icon: clock-circle" class="anticon anticon-clock-circle ant-time-picker-clock-icon"><svg viewBox="64 64 896 896" data-icon="clock-circle" width="1em" height="1em" fill="currentColor" aria-hidden="true" focusable="false" class=""><path d="M512 64C264.6 64 64 264.6 64 512s200.6 448 448 448 448-200.6 448-448S759.4 64 512 64zm0 820c-205.4 0-372-166.6-372-372s166.6-372 372-372 372 166.6 372 372-166.6 372-372 372z"></path><path d="M686.7 638.6L544.1 535.5V288c0-4.4-3.6-8-8-8H488c-4.4 0-8 3.6-8 8v275.4c0 2.6 1.2 5 3.3 6.5l165.4 120.6c3.6 2.6 8.6 1.8 11.2-1.7l28.6-39c2.6-3.7 1.8-8.7-1.8-11.2z"></path></svg></i></span></span> <span tabindex="0" class="ant-calendar-picker" style="width: 200px;"><span class="ant-calendar-picker-input ant-input"><input readonly="true" placeholder="Start date" tabindex="-1" class="ant-calendar-range-picker-input"><span class="ant-calendar-range-picker-separator"> ~ </span><input readonly="true" placeholder="End date" tabindex="-1" class="ant-calendar-range-picker-input"><span class="ant-calendar-picker-icon"></span></span></span>
    </div>
    <div class="example"><button type="button" class="ant-btn ant-btn-primary"><span>Show Modal</span></button> <button type="button" class="ant-btn"><span>Show info</span></button> <button type="button" class="ant-btn"><span>Show confirm</span></button> <a href="#" class="">Click to confirm</a></div>
    <div classname="example">
      <div class="ant-transfer">
        <div class="ant-transfer-list">
          <div class="ant-transfer-list-header"><label class="ant-checkbox-wrapper"><span class="ant-checkbox"><input type="checkbox" class="ant-checkbox-input" value=""><span class="ant-checkbox-inner"></span></span></label><span class="ant-transfer-list-header-selected"><span>0 item</span><span class="ant-transfer-list-header-title"></span></span></div>
          <div class="ant-transfer-list-body ant-transfer-list-body-with-search">
            <div class="ant-transfer-list-body-search-wrapper">
              <div><input placeholder="Search here" type="text" class="ant-input ant-transfer-list-search"><span class="ant-transfer-list-search-action"><i aria-label="icon: search" class="anticon anticon-search"><svg viewBox="64 64 896 896" data-icon="search" width="1em" height="1em" fill="currentColor" aria-hidden="true" focusable="false" class=""><path d="M909.6 854.5L649.9 594.8C690.2 542.7 712 479 712 412c0-80.2-31.3-155.4-87.9-212.1-56.6-56.7-132-87.9-212.1-87.9s-155.5 31.3-212.1 87.9C143.2 256.5 112 331.8 112 412c0 80.1 31.3 155.5 87.9 212.1C256.5 680.8 331.8 712 412 712c67 0 130.6-21.8 182.7-62l259.7 259.6a8.2 8.2 0 0 0 11.6 0l43.6-43.5a8.2 8.2 0 0 0 0-11.6zM570.4 570.4C528 612.7 471.8 636 412 636s-116-23.3-158.4-65.6C211.3 528 188 471.8 188 412s23.3-116.1 65.6-158.4C296 211.3 352.2 188 412 188s116.1 23.2 158.4 65.6S636 352.2 636 412s-23.3 116.1-65.6 158.4z"></path></svg></i></span></div>
            </div>
            <div class="ant-transfer-list-body-not-found">
              <div class="ant-empty ant-empty-normal ant-empty-small">
                <div class="ant-empty-image"><svg width="64" height="41" viewBox="0 0 64 41" xmlns="http://www.w3.org/2000/svg">
                    <g transform="translate(0 1)" fill="none" fillRule="evenodd">
                      <ellipse fill="#F5F5F5" cx="32" cy="33" rx="32" ry="7"></ellipse>
                      <g fillRule="nonzero" stroke="#D9D9D9">
                        <path d="M55 12.76L44.854 1.258C44.367.474 43.656 0 42.907 0H21.093c-.749 0-1.46.474-1.947 1.257L9 12.761V22h46v-9.24z"></path>
                        <path d="M41.613 15.931c0-1.605.994-2.93 2.227-2.931H55v18.137C55 33.26 53.68 35 52.05 35h-40.1C10.32 35 9 33.259 9 31.137V13h11.16c1.233 0 2.227 1.323 2.227 2.928v.022c0 1.605 1.005 2.901 2.237 2.901h14.752c1.232 0 2.237-1.308 2.237-2.913v-.007z" fill="#FAFAFA"></path>
                      </g>
                    </g>
                  </svg></div>
                <p class="ant-empty-description">No Data</p>
              </div>
            </div>
          </div>
        </div>
        <div class="ant-transfer-operation"><button disabled="disabled" type="button" class="ant-btn ant-btn-primary ant-btn-sm ant-btn-icon-only"><i aria-label="icon: right" class="anticon anticon-right"><svg viewBox="64 64 896 896" data-icon="right" width="1em" height="1em" fill="currentColor" aria-hidden="true" focusable="false" class="">
                <path d="M765.7 486.8L314.9 134.7A7.97 7.97 0 0 0 302 141v77.3c0 4.9 2.3 9.6 6.1 12.6l360 281.1-360 281.1c-3.9 3-6.1 7.7-6.1 12.6V883c0 6.7 7.7 10.4 12.9 6.3l450.8-352.1a31.96 31.96 0 0 0 0-50.4z"></path>
              </svg></i></button><button disabled="disabled" type="button" class="ant-btn ant-btn-primary ant-btn-sm ant-btn-icon-only"><i aria-label="icon: left" class="anticon anticon-left"><svg viewBox="64 64 896 896" data-icon="left" width="1em" height="1em" fill="currentColor" aria-hidden="true" focusable="false" class="">
                <path d="M724 218.3V141c0-6.7-7.7-10.4-12.9-6.3L260.3 486.8a31.86 31.86 0 0 0 0 50.3l450.8 352.1c5.3 4.1 12.9.4 12.9-6.3v-77.3c0-4.9-2.3-9.6-6.1-12.6l-360-281 360-281.1c3.8-3 6.1-7.7 6.1-12.6z"></path>
              </svg></i></button></div>
        <div class="ant-transfer-list">
          <div class="ant-transfer-list-header"><label class="ant-checkbox-wrapper"><span class="ant-checkbox"><input type="checkbox" class="ant-checkbox-input" value=""><span class="ant-checkbox-inner"></span></span></label><span class="ant-transfer-list-header-selected"><span>0 item</span><span class="ant-transfer-list-header-title"></span></span></div>
          <div class="ant-transfer-list-body ant-transfer-list-body-with-search">
            <div class="ant-transfer-list-body-search-wrapper">
              <div><input placeholder="Search here" type="text" class="ant-input ant-transfer-list-search"><span class="ant-transfer-list-search-action"><i aria-label="icon: search" class="anticon anticon-search"><svg viewBox="64 64 896 896" data-icon="search" width="1em" height="1em" fill="currentColor" aria-hidden="true" focusable="false" class=""><path d="M909.6 854.5L649.9 594.8C690.2 542.7 712 479 712 412c0-80.2-31.3-155.4-87.9-212.1-56.6-56.7-132-87.9-212.1-87.9s-155.5 31.3-212.1 87.9C143.2 256.5 112 331.8 112 412c0 80.1 31.3 155.5 87.9 212.1C256.5 680.8 331.8 712 412 712c67 0 130.6-21.8 182.7-62l259.7 259.6a8.2 8.2 0 0 0 11.6 0l43.6-43.5a8.2 8.2 0 0 0 0-11.6zM570.4 570.4C528 612.7 471.8 636 412 636s-116-23.3-158.4-65.6C211.3 528 188 471.8 188 412s23.3-116.1 65.6-158.4C296 211.3 352.2 188 412 188s116.1 23.2 158.4 65.6S636 352.2 636 412s-23.3 116.1-65.6 158.4z"></path></svg></i></span></div>
            </div>
            <div class="ant-transfer-list-body-not-found">
              <div class="ant-empty ant-empty-normal ant-empty-small">
                <div class="ant-empty-image"><svg width="64" height="41" viewBox="0 0 64 41" xmlns="http://www.w3.org/2000/svg">
                    <g transform="translate(0 1)" fill="none" fillRule="evenodd">
                      <ellipse fill="#F5F5F5" cx="32" cy="33" rx="32" ry="7"></ellipse>
                      <g fillRule="nonzero" stroke="#D9D9D9">
                        <path d="M55 12.76L44.854 1.258C44.367.474 43.656 0 42.907 0H21.093c-.749 0-1.46.474-1.947 1.257L9 12.761V22h46v-9.24z"></path>
                        <path d="M41.613 15.931c0-1.605.994-2.93 2.227-2.931H55v18.137C55 33.26 53.68 35 52.05 35h-40.1C10.32 35 9 33.259 9 31.137V13h11.16c1.233 0 2.227 1.323 2.227 2.928v.022c0 1.605 1.005 2.901 2.237 2.901h14.752c1.232 0 2.237-1.308 2.237-2.913v-.007z" fill="#FAFAFA"></path>
                      </g>
                    </g>
                  </svg></div>
                <p class="ant-empty-description">No Data</p>
              </div>
            </div>
          </div>
        </div>
      </div>
    </div>
    <div style="width: 319px; border: 1px solid #d9d9d9; border-radius: 4px;">
      <div class="">
        <div class="ant-fullcalendar-header">
          <div tabindex="0" class="ant-select ant-select-enabled ant-select-sm ant-fullcalendar-year-select">
            <div role="combobox" aria-autocomplete="list" aria-haspopup="true" aria-controls="test-uuid" class="ant-select-selection ant-select-selection--single">
              <div class="ant-select-selection__rendered">
                <div title="2016" class="ant-select-selection-selected-value" style="display: block; opacity: 1;">2016</div>
              </div><span unselectable="on" class="ant-select-arrow" style="user-select: none;"><i aria-label="icon: down" class="anticon anticon-down ant-select-arrow-icon"><svg viewBox="64 64 896 896" data-icon="down" width="1em" height="1em" fill="currentColor" aria-hidden="true" focusable="false" class=""><path d="M884 256h-75c-5.1 0-9.9 2.5-12.9 6.6L512 654.2 227.9 262.6c-3-4.1-7.8-6.6-12.9-6.6h-75c-6.5 0-10.3 7.4-6.5 12.7l352.6 486.1c12.8 17.6 39 17.6 51.7 0l352.6-486.1c3.9-5.3.1-12.7-6.4-12.7z"></path></svg></i></span>
            </div>
          </div>
          <div tabindex="0" class="ant-select ant-select-enabled ant-select-sm ant-fullcalendar-month-select">
            <div role="combobox" aria-autocomplete="list" aria-haspopup="true" aria-controls="test-uuid" class="ant-select-selection ant-select-selection--single">
              <div class="ant-select-selection__rendered">
                <div title="Nov" class="ant-select-selection-selected-value" style="display: block; opacity: 1;">Nov</div>
              </div><span unselectable="on" class="ant-select-arrow" style="user-select: none;"><i aria-label="icon: down" class="anticon anticon-down ant-select-arrow-icon"><svg viewBox="64 64 896 896" data-icon="down" width="1em" height="1em" fill="currentColor" aria-hidden="true" focusable="false" class=""><path d="M884 256h-75c-5.1 0-9.9 2.5-12.9 6.6L512 654.2 227.9 262.6c-3-4.1-7.8-6.6-12.9-6.6h-75c-6.5 0-10.3 7.4-6.5 12.7l352.6 486.1c12.8 17.6 39 17.6 51.7 0l352.6-486.1c3.9-5.3.1-12.7-6.4-12.7z"></path></svg></i></span>
            </div>
          </div>
          <div class="ant-radio-group ant-radio-group-outline ant-radio-group-small"><label class="ant-radio-button-wrapper ant-radio-button-wrapper-checked"><span class="ant-radio-button ant-radio-button-checked"><input type="radio" class="ant-radio-button-input" value="month"><span class="ant-radio-button-inner"></span></span><span>Month</span></label><label class="ant-radio-button-wrapper"><span class="ant-radio-button"><input type="radio" class="ant-radio-button-input" value="year"><span class="ant-radio-button-inner"></span></span><span>Year</span></label></div>
        </div>
        <div tabindex="0" class="ant-fullcalendar ant-fullcalendar-full">
          <div class="ant-fullcalendar-calendar-body">
            <table cellspacing="0" role="grid" class="ant-fullcalendar-table">
              <thead>
                <tr role="row">
                  <th role="columnheader" title="Sun" class="ant-fullcalendar-column-header"><span class="ant-fullcalendar-column-header-inner">Su</span></th>
                  <th role="columnheader" title="Mon" class="ant-fullcalendar-column-header"><span class="ant-fullcalendar-column-header-inner">Mo</span></th>
                  <th role="columnheader" title="Tue" class="ant-fullcalendar-column-header"><span class="ant-fullcalendar-column-header-inner">Tu</span></th>
                  <th role="columnheader" title="Wed" class="ant-fullcalendar-column-header"><span class="ant-fullcalendar-column-header-inner">We</span></th>
                  <th role="columnheader" title="Thu" class="ant-fullcalendar-column-header"><span class="ant-fullcalendar-column-header-inner">Th</span></th>
                  <th role="columnheader" title="Fri" class="ant-fullcalendar-column-header"><span class="ant-fullcalendar-column-header-inner">Fr</span></th>
                  <th role="columnheader" title="Sat" class="ant-fullcalendar-column-header"><span class="ant-fullcalendar-column-header-inner">Sa</span></th>
                </tr>
              </thead>
              <tbody class="ant-fullcalendar-tbody">
                <tr role="row" class="">
                  <td role="gridcell" title="October 30, 2016" class="ant-fullcalendar-cell ant-fullcalendar-last-month-cell">
                    <div class="ant-fullcalendar-date">
                      <div class="ant-fullcalendar-value">30</div>
                      <div class="ant-fullcalendar-content"></div>
                    </div>
                  </td>
                  <td role="gridcell" title="October 31, 2016" class="ant-fullcalendar-cell ant-fullcalendar-last-month-cell ant-fullcalendar-last-day-of-month">
                    <div class="ant-fullcalendar-date">
                      <div class="ant-fullcalendar-value">31</div>
                      <div class="ant-fullcalendar-content"></div>
                    </div>
                  </td>
                  <td role="gridcell" title="November 1, 2016" class="ant-fullcalendar-cell">
                    <div class="ant-fullcalendar-date">
                      <div class="ant-fullcalendar-value">01</div>
                      <div class="ant-fullcalendar-content"></div>
                    </div>
                  </td>
                  <td role="gridcell" title="November 2, 2016" class="ant-fullcalendar-cell">
                    <div class="ant-fullcalendar-date">
                      <div class="ant-fullcalendar-value">02</div>
                      <div class="ant-fullcalendar-content"></div>
                    </div>
                  </td>
                  <td role="gridcell" title="November 3, 2016" class="ant-fullcalendar-cell">
                    <div class="ant-fullcalendar-date">
                      <div class="ant-fullcalendar-value">03</div>
                      <div class="ant-fullcalendar-content"></div>
                    </div>
                  </td>
                  <td role="gridcell" title="November 4, 2016" class="ant-fullcalendar-cell">
                    <div class="ant-fullcalendar-date">
                      <div class="ant-fullcalendar-value">04</div>
                      <div class="ant-fullcalendar-content"></div>
                    </div>
                  </td>
                  <td role="gridcell" title="November 5, 2016" class="ant-fullcalendar-cell">
                    <div class="ant-fullcalendar-date">
                      <div class="ant-fullcalendar-value">05</div>
                      <div class="ant-fullcalendar-content"></div>
                    </div>
                  </td>
                </tr>
                <tr role="row" class="">
                  <td role="gridcell" title="November 6, 2016" class="ant-fullcalendar-cell">
                    <div class="ant-fullcalendar-date">
                      <div class="ant-fullcalendar-value">06</div>
                      <div class="ant-fullcalendar-content"></div>
                    </div>
                  </td>
                  <td role="gridcell" title="November 7, 2016" class="ant-fullcalendar-cell">
                    <div class="ant-fullcalendar-date">
                      <div class="ant-fullcalendar-value">07</div>
                      <div class="ant-fullcalendar-content"></div>
                    </div>
                  </td>
                  <td role="gridcell" title="November 8, 2016" class="ant-fullcalendar-cell">
                    <div class="ant-fullcalendar-date">
                      <div class="ant-fullcalendar-value">08</div>
                      <div class="ant-fullcalendar-content"></div>
                    </div>
                  </td>
                  <td role="gridcell" title="November 9, 2016" class="ant-fullcalendar-cell">
                    <div class="ant-fullcalendar-date">
                      <div class="ant-fullcalendar-value">09</div>
                      <div class="ant-fullcalendar-content"></div>
                    </div>
                  </td>
                  <td role="gridcell" title="November 10, 2016" class="ant-fullcalendar-cell">
                    <div class="ant-fullcalendar-date">
                      <div class="ant-fullcalendar-value">10</div>
                      <div class="ant-fullcalendar-content"></div>
                    </div>
                  </td>
                  <td role="gridcell" title="November 11, 2016" class="ant-fullcalendar-cell">
                    <div class="ant-fullcalendar-date">
                      <div class="ant-fullcalendar-value">11</div>
                      <div class="ant-fullcalendar-content"></div>
                    </div>
                  </td>
                  <td role="gridcell" title="November 12, 2016" class="ant-fullcalendar-cell">
                    <div class="ant-fullcalendar-date">
                      <div class="ant-fullcalendar-value">12</div>
                      <div class="ant-fullcalendar-content"></div>
                    </div>
                  </td>
                </tr>
                <tr role="row" class="">
                  <td role="gridcell" title="November 13, 2016" class="ant-fullcalendar-cell">
                    <div class="ant-fullcalendar-date">
                      <div class="ant-fullcalendar-value">13</div>
                      <div class="ant-fullcalendar-content"></div>
                    </div>
                  </td>
                  <td role="gridcell" title="November 14, 2016" class="ant-fullcalendar-cell">
                    <div class="ant-fullcalendar-date">
                      <div class="ant-fullcalendar-value">14</div>
                      <div class="ant-fullcalendar-content"></div>
                    </div>
                  </td>
                  <td role="gridcell" title="November 15, 2016" class="ant-fullcalendar-cell">
                    <div class="ant-fullcalendar-date">
                      <div class="ant-fullcalendar-value">15</div>
                      <div class="ant-fullcalendar-content"></div>
                    </div>
                  </td>
                  <td role="gridcell" title="November 16, 2016" class="ant-fullcalendar-cell">
                    <div class="ant-fullcalendar-date">
                      <div class="ant-fullcalendar-value">16</div>
                      <div class="ant-fullcalendar-content"></div>
                    </div>
                  </td>
                  <td role="gridcell" title="November 17, 2016" class="ant-fullcalendar-cell">
                    <div class="ant-fullcalendar-date">
                      <div class="ant-fullcalendar-value">17</div>
                      <div class="ant-fullcalendar-content"></div>
                    </div>
                  </td>
                  <td role="gridcell" title="November 18, 2016" class="ant-fullcalendar-cell">
                    <div class="ant-fullcalendar-date">
                      <div class="ant-fullcalendar-value">18</div>
                      <div class="ant-fullcalendar-content"></div>
                    </div>
                  </td>
                  <td role="gridcell" title="November 19, 2016" class="ant-fullcalendar-cell">
                    <div class="ant-fullcalendar-date">
                      <div class="ant-fullcalendar-value">19</div>
                      <div class="ant-fullcalendar-content"></div>
                    </div>
                  </td>
                </tr>
                <tr role="row" class="ant-fullcalendar-current-week ant-fullcalendar-active-week">
                  <td role="gridcell" title="November 20, 2016" class="ant-fullcalendar-cell">
                    <div class="ant-fullcalendar-date">
                      <div class="ant-fullcalendar-value">20</div>
                      <div class="ant-fullcalendar-content"></div>
                    </div>
                  </td>
                  <td role="gridcell" title="November 21, 2016" class="ant-fullcalendar-cell">
                    <div class="ant-fullcalendar-date">
                      <div class="ant-fullcalendar-value">21</div>
                      <div class="ant-fullcalendar-content"></div>
                    </div>
                  </td>
                  <td role="gridcell" title="November 22, 2016" class="ant-fullcalendar-cell ant-fullcalendar-today ant-fullcalendar-selected-day">
                    <div class="ant-fullcalendar-date">
                      <div class="ant-fullcalendar-value">22</div>
                      <div class="ant-fullcalendar-content"></div>
                    </div>
                  </td>
                  <td role="gridcell" title="November 23, 2016" class="ant-fullcalendar-cell">
                    <div class="ant-fullcalendar-date">
                      <div class="ant-fullcalendar-value">23</div>
                      <div class="ant-fullcalendar-content"></div>
                    </div>
                  </td>
                  <td role="gridcell" title="November 24, 2016" class="ant-fullcalendar-cell">
                    <div class="ant-fullcalendar-date">
                      <div class="ant-fullcalendar-value">24</div>
                      <div class="ant-fullcalendar-content"></div>
                    </div>
                  </td>
                  <td role="gridcell" title="November 25, 2016" class="ant-fullcalendar-cell">
                    <div class="ant-fullcalendar-date">
                      <div class="ant-fullcalendar-value">25</div>
                      <div class="ant-fullcalendar-content"></div>
                    </div>
                  </td>
                  <td role="gridcell" title="November 26, 2016" class="ant-fullcalendar-cell">
                    <div class="ant-fullcalendar-date">
                      <div class="ant-fullcalendar-value">26</div>
                      <div class="ant-fullcalendar-content"></div>
                    </div>
                  </td>
                </tr>
                <tr role="row" class="">
                  <td role="gridcell" title="November 27, 2016" class="ant-fullcalendar-cell">
                    <div class="ant-fullcalendar-date">
                      <div class="ant-fullcalendar-value">27</div>
                      <div class="ant-fullcalendar-content"></div>
                    </div>
                  </td>
                  <td role="gridcell" title="November 28, 2016" class="ant-fullcalendar-cell">
                    <div class="ant-fullcalendar-date">
                      <div class="ant-fullcalendar-value">28</div>
                      <div class="ant-fullcalendar-content"></div>
                    </div>
                  </td>
                  <td role="gridcell" title="November 29, 2016" class="ant-fullcalendar-cell">
                    <div class="ant-fullcalendar-date">
                      <div class="ant-fullcalendar-value">29</div>
                      <div class="ant-fullcalendar-content"></div>
                    </div>
                  </td>
                  <td role="gridcell" title="November 30, 2016" class="ant-fullcalendar-cell ant-fullcalendar-last-day-of-month">
                    <div class="ant-fullcalendar-date">
                      <div class="ant-fullcalendar-value">30</div>
                      <div class="ant-fullcalendar-content"></div>
                    </div>
                  </td>
                  <td role="gridcell" title="December 1, 2016" class="ant-fullcalendar-cell ant-fullcalendar-next-month-btn-day">
                    <div class="ant-fullcalendar-date">
                      <div class="ant-fullcalendar-value">01</div>
                      <div class="ant-fullcalendar-content"></div>
                    </div>
                  </td>
                  <td role="gridcell" title="December 2, 2016" class="ant-fullcalendar-cell ant-fullcalendar-next-month-btn-day">
                    <div class="ant-fullcalendar-date">
                      <div class="ant-fullcalendar-value">02</div>
                      <div class="ant-fullcalendar-content"></div>
                    </div>
                  </td>
                  <td role="gridcell" title="December 3, 2016" class="ant-fullcalendar-cell ant-fullcalendar-next-month-btn-day">
                    <div class="ant-fullcalendar-date">
                      <div class="ant-fullcalendar-value">03</div>
                      <div class="ant-fullcalendar-content"></div>
                    </div>
                  </td>
                </tr>
                <tr role="row" class="">
                  <td role="gridcell" title="December 4, 2016" class="ant-fullcalendar-cell ant-fullcalendar-next-month-btn-day">
                    <div class="ant-fullcalendar-date">
                      <div class="ant-fullcalendar-value">04</div>
                      <div class="ant-fullcalendar-content"></div>
                    </div>
                  </td>
                  <td role="gridcell" title="December 5, 2016" class="ant-fullcalendar-cell ant-fullcalendar-next-month-btn-day">
                    <div class="ant-fullcalendar-date">
                      <div class="ant-fullcalendar-value">05</div>
                      <div class="ant-fullcalendar-content"></div>
                    </div>
                  </td>
                  <td role="gridcell" title="December 6, 2016" class="ant-fullcalendar-cell ant-fullcalendar-next-month-btn-day">
                    <div class="ant-fullcalendar-date">
                      <div class="ant-fullcalendar-value">06</div>
                      <div class="ant-fullcalendar-content"></div>
                    </div>
                  </td>
                  <td role="gridcell" title="December 7, 2016" class="ant-fullcalendar-cell ant-fullcalendar-next-month-btn-day">
                    <div class="ant-fullcalendar-date">
                      <div class="ant-fullcalendar-value">07</div>
                      <div class="ant-fullcalendar-content"></div>
                    </div>
                  </td>
                  <td role="gridcell" title="December 8, 2016" class="ant-fullcalendar-cell ant-fullcalendar-next-month-btn-day">
                    <div class="ant-fullcalendar-date">
                      <div class="ant-fullcalendar-value">08</div>
                      <div class="ant-fullcalendar-content"></div>
                    </div>
                  </td>
                  <td role="gridcell" title="December 9, 2016" class="ant-fullcalendar-cell ant-fullcalendar-next-month-btn-day">
                    <div class="ant-fullcalendar-date">
                      <div class="ant-fullcalendar-value">09</div>
                      <div class="ant-fullcalendar-content"></div>
                    </div>
                  </td>
                  <td role="gridcell" title="December 10, 2016" class="ant-fullcalendar-cell ant-fullcalendar-next-month-btn-day">
                    <div class="ant-fullcalendar-date">
                      <div class="ant-fullcalendar-value">10</div>
                      <div class="ant-fullcalendar-content"></div>
                    </div>
                  </td>
                </tr>
              </tbody>
            </table>
          </div>
        </div>
      </div>
    </div>
    <!---->
  </div>
</div>
`;

exports[`renders ./antdv-demo/docs/locale-provider/demo/basic.md correctly 1`] = `
<ul unselectable="unselectable" class="ant-pagination">
  <li title="Previous Page" aria-disabled="true" class="ant-pagination-disabled ant-pagination-prev"><a class="ant-pagination-item-link"><i aria-label="icon: left" class="anticon anticon-left"><svg viewBox="64 64 896 896" data-icon="left" width="1em" height="1em" fill="currentColor" aria-hidden="true" focusable="false" class="">
          <path d="M724 218.3V141c0-6.7-7.7-10.4-12.9-6.3L260.3 486.8a31.86 31.86 0 0 0 0 50.3l450.8 352.1c5.3 4.1 12.9.4 12.9-6.3v-77.3c0-4.9-2.3-9.6-6.1-12.6l-360-281 360-281.1c3.8-3 6.1-7.7 6.1-12.6z"></path>
        </svg></i></a></li>
  <li title="1" tabindex="0" class="ant-pagination-item ant-pagination-item-1 ant-pagination-item-active"><a>1</a></li>
  <li title="2" tabindex="0" class="ant-pagination-item ant-pagination-item-2"><a>2</a></li>
  <li title="3" tabindex="0" class="ant-pagination-item ant-pagination-item-3"><a>3</a></li>
  <li title="4" tabindex="0" class="ant-pagination-item ant-pagination-item-4"><a>4</a></li>
  <li title="5" tabindex="0" class="ant-pagination-item ant-pagination-item-5"><a>5</a></li>
  <li title="Next Page" tabindex="0" class=" ant-pagination-next"><a class="ant-pagination-item-link"><i aria-label="icon: right" class="anticon anticon-right"><svg viewBox="64 64 896 896" data-icon="right" width="1em" height="1em" fill="currentColor" aria-hidden="true" focusable="false" class="">
          <path d="M765.7 486.8L314.9 134.7A7.97 7.97 0 0 0 302 141v77.3c0 4.9 2.3 9.6 6.1 12.6l360 281.1-360 281.1c-3.9 3-6.1 7.7-6.1 12.6V883c0 6.7 7.7 10.4 12.9 6.3l450.8-352.1a31.96 31.96 0 0 0 0-50.4z"></path>
        </svg></i></a></li>
  <li class="ant-pagination-options">
    <div tabindex="0" class="ant-select ant-select-enabled ant-pagination-options-size-changer">
      <div role="combobox" aria-autocomplete="list" aria-haspopup="true" aria-controls="test-uuid" class="ant-select-selection ant-select-selection--single">
        <div class="ant-select-selection__rendered">
          <div title="10 / page" class="ant-select-selection-selected-value" style="display: block; opacity: 1;">10 / page</div>
        </div><span unselectable="on" class="ant-select-arrow" style="user-select: none;"><i aria-label="icon: down" class="anticon anticon-down ant-select-arrow-icon"><svg viewBox="64 64 896 896" data-icon="down" width="1em" height="1em" fill="currentColor" aria-hidden="true" focusable="false" class=""><path d="M884 256h-75c-5.1 0-9.9 2.5-12.9 6.6L512 654.2 227.9 262.6c-3-4.1-7.8-6.6-12.9-6.6h-75c-6.5 0-10.3 7.4-6.5 12.7l352.6 486.1c12.8 17.6 39 17.6 51.7 0l352.6-486.1c3.9-5.3.1-12.7-6.4-12.7z"></path></svg></i></span>
      </div>
    </div>
  </li>
</ul>
`;
