// Jest Snapshot v1, https://goo.gl/fbAQLP

exports[`renders ./antdv-demo/docs/tooltip/demo/arrow-point-at-center.md correctly 1`] = `<div><button type="button" class="ant-btn"><span>Align edge / 边缘对齐</span></button> <button type="button" class="ant-btn"><span>Arrow points to center / 箭头指向中心</span></button></div>`;

exports[`renders ./antdv-demo/docs/tooltip/demo/auto-adjust-overflow.md correctly 1`] = `<div style="overflow: hidden; position: relative; padding: 24px; border: 1px solid #e9e9e9;"><button type="button" class="ant-btn"><span>Adjust automatically / 自动调整</span></button> <br> <button type="button" class="ant-btn" style="margin-top: 10px;"><span>Ingore / 不处理</span></button></div>`;

exports[`renders ./antdv-demo/docs/tooltip/demo/basic.md correctly 1`] = `
<span class="">
  Tooltip will show when mouse enter.
</span>
`;

exports[`renders ./antdv-demo/docs/tooltip/demo/placement.md correctly 1`] = `
<div id="components-a-tooltip-demo-placement">
  <div style="margin-left: 70px; white-space: nowrap;"><button type="button" class="ant-btn"><span>TL</span></button> <button type="button" class="ant-btn"><span>Top</span></button> <button type="button" class="ant-btn"><span>TR</span></button></div>
  <div style="width: 70px; float: left;"><button type="button" class="ant-btn"><span>LT</span></button> <button type="button" class="ant-btn"><span>Left</span></button> <button type="button" class="ant-btn"><span>LB</span></button></div>
  <div style="width: 70px; margin-left: 304px;"><button type="button" class="ant-btn"><span>RT</span></button> <button type="button" class="ant-btn"><span>Right</span></button> <button type="button" class="ant-btn"><span>RB</span></button></div>
  <div style="margin-left: 70px; clear: both; white-space: nowrap;"><button type="button" class="ant-btn"><span>BL</span></button> <button type="button" class="ant-btn"><span>Bottom</span></button> <button type="button" class="ant-btn"><span>BR</span></button></div>
</div>
`;
