// Jest Snapshot v1, https://goo.gl/fbAQLP

exports[`renders ./antdv-demo/docs/date-picker/demo/basic.md correctly 1`] = `<div><span class="ant-calendar-picker"><div class=""><input readonly="true" placeholder="Select date" class="ant-calendar-picker-input ant-input"><i aria-label="icon: calendar" class="anticon anticon-calendar ant-calendar-picker-icon"><svg viewBox="64 64 896 896" data-icon="calendar" width="1em" height="1em" fill="currentColor" aria-hidden="true" focusable="false" class=""><path d="M880 184H712v-64c0-4.4-3.6-8-8-8h-56c-4.4 0-8 3.6-8 8v64H384v-64c0-4.4-3.6-8-8-8h-56c-4.4 0-8 3.6-8 8v64H144c-17.7 0-32 14.3-32 32v664c0 17.7 14.3 32 32 32h736c17.7 0 32-14.3 32-32V216c0-17.7-14.3-32-32-32zm-40 656H184V460h656v380zM184 392V256h128v48c0 4.4 3.6 8 8 8h56c4.4 0 8-3.6 8-8v-48h256v48c0 4.4 3.6 8 8 8h56c4.4 0 8-3.6 8-8v-48h128v136H184z"></path></svg></i></div></span> <br> <span class="ant-calendar-picker"><div class=""><input readonly="true" placeholder="Select month" class="ant-calendar-picker-input ant-input"><i aria-label="icon: calendar" class="anticon anticon-calendar ant-calendar-picker-icon"><svg viewBox="64 64 896 896" data-icon="calendar" width="1em" height="1em" fill="currentColor" aria-hidden="true" focusable="false" class=""><path d="M880 184H712v-64c0-4.4-3.6-8-8-8h-56c-4.4 0-8 3.6-8 8v64H384v-64c0-4.4-3.6-8-8-8h-56c-4.4 0-8 3.6-8 8v64H144c-17.7 0-32 14.3-32 32v664c0 17.7 14.3 32 32 32h736c17.7 0 32-14.3 32-32V216c0-17.7-14.3-32-32-32zm-40 656H184V460h656v380zM184 392V256h128v48c0 4.4 3.6 8 8 8h56c4.4 0 8-3.6 8-8v-48h256v48c0 4.4 3.6 8 8 8h56c4.4 0 8-3.6 8-8v-48h128v136H184z"></path></svg></i></div></span> <br> <span tabindex="0" class="ant-calendar-picker"><span class="ant-calendar-picker-input ant-input"><input readonly="true" placeholder="Start date" tabindex="-1" class="ant-calendar-range-picker-input"><span class="ant-calendar-range-picker-separator"> ~ </span><input readonly="true" placeholder="End date" tabindex="-1" class="ant-calendar-range-picker-input"><span class="ant-calendar-picker-icon"></span></span></span> <br> <span class="ant-calendar-picker"><span class="" style="display: inline-block; width: 100%;"><input readonly="true" placeholder="Select week" class="ant-calendar-picker-input ant-input"><span class="ant-calendar-picker-icon"></span></span></span></div>`;

exports[`renders ./antdv-demo/docs/date-picker/demo/date-render.md correctly 1`] = `<div><span class="ant-calendar-picker"><div class=""><input readonly="true" placeholder="Select date" class="ant-calendar-picker-input ant-input"><i aria-label="icon: calendar" class="anticon anticon-calendar ant-calendar-picker-icon"><svg viewBox="64 64 896 896" data-icon="calendar" width="1em" height="1em" fill="currentColor" aria-hidden="true" focusable="false" class=""><path d="M880 184H712v-64c0-4.4-3.6-8-8-8h-56c-4.4 0-8 3.6-8 8v64H384v-64c0-4.4-3.6-8-8-8h-56c-4.4 0-8 3.6-8 8v64H144c-17.7 0-32 14.3-32 32v664c0 17.7 14.3 32 32 32h736c17.7 0 32-14.3 32-32V216c0-17.7-14.3-32-32-32zm-40 656H184V460h656v380zM184 392V256h128v48c0 4.4 3.6 8 8 8h56c4.4 0 8-3.6 8-8v-48h256v48c0 4.4 3.6 8 8 8h56c4.4 0 8-3.6 8-8v-48h128v136H184z"></path></svg></i></div></span> <span tabindex="0" class="ant-calendar-picker"><span class="ant-calendar-picker-input ant-input"><input readonly="true" placeholder="Start date" tabindex="-1" class="ant-calendar-range-picker-input"><span class="ant-calendar-range-picker-separator"> ~ </span><input readonly="true" placeholder="End date" tabindex="-1" class="ant-calendar-range-picker-input"><span class="ant-calendar-picker-icon"></span></span></span> <span class="ant-calendar-picker"><span class="" style="display: inline-block; width: 100%;"><input readonly="true" placeholder="Select date" class="ant-calendar-picker-input ant-input"><span class="ant-calendar-picker-icon"></span></span></span></div>`;

exports[`renders ./antdv-demo/docs/date-picker/demo/disabled.md correctly 1`] = `<div><span class="ant-calendar-picker"><div class=""><input disabled="disabled" readonly="true" placeholder="Select date" class="ant-calendar-picker-input ant-input ant-input-disabled"><i aria-label="icon: calendar" class="anticon anticon-calendar ant-calendar-picker-icon"><svg viewBox="64 64 896 896" data-icon="calendar" width="1em" height="1em" fill="currentColor" aria-hidden="true" focusable="false" class=""><path d="M880 184H712v-64c0-4.4-3.6-8-8-8h-56c-4.4 0-8 3.6-8 8v64H384v-64c0-4.4-3.6-8-8-8h-56c-4.4 0-8 3.6-8 8v64H144c-17.7 0-32 14.3-32 32v664c0 17.7 14.3 32 32 32h736c17.7 0 32-14.3 32-32V216c0-17.7-14.3-32-32-32zm-40 656H184V460h656v380zM184 392V256h128v48c0 4.4 3.6 8 8 8h56c4.4 0 8-3.6 8-8v-48h256v48c0 4.4 3.6 8 8 8h56c4.4 0 8-3.6 8-8v-48h128v136H184z"></path></svg></i></div></span> <br> <span class="ant-calendar-picker"><div class=""><input disabled="disabled" readonly="true" placeholder="Select date" class="ant-calendar-picker-input ant-input ant-input-disabled"><i aria-label="icon: calendar" class="anticon anticon-calendar ant-calendar-picker-icon"><svg viewBox="64 64 896 896" data-icon="calendar" width="1em" height="1em" fill="currentColor" aria-hidden="true" focusable="false" class=""><path d="M880 184H712v-64c0-4.4-3.6-8-8-8h-56c-4.4 0-8 3.6-8 8v64H384v-64c0-4.4-3.6-8-8-8h-56c-4.4 0-8 3.6-8 8v64H144c-17.7 0-32 14.3-32 32v664c0 17.7 14.3 32 32 32h736c17.7 0 32-14.3 32-32V216c0-17.7-14.3-32-32-32zm-40 656H184V460h656v380zM184 392V256h128v48c0 4.4 3.6 8 8 8h56c4.4 0 8-3.6 8-8v-48h256v48c0 4.4 3.6 8 8 8h56c4.4 0 8-3.6 8-8v-48h128v136H184z"></path></svg></i></div></span> <br> <span tabindex="-1" class="ant-calendar-picker"><span class="ant-calendar-picker-input ant-input ant-input-disabled"><input disabled="disabled" readonly="true" placeholder="Start date" tabindex="-1" class="ant-calendar-range-picker-input"><span class="ant-calendar-range-picker-separator"> ~ </span><input disabled="disabled" readonly="true" placeholder="End date" tabindex="-1" class="ant-calendar-range-picker-input"><span class="ant-calendar-picker-icon"></span></span></span></div>`;

exports[`renders ./antdv-demo/docs/date-picker/demo/disabled-date.md correctly 1`] = `<div><span class="ant-calendar-picker" style="min-width: 195px;"><div class=""><input readonly="true" placeholder="Select date" class="ant-calendar-picker-input ant-input"><i aria-label="icon: calendar" class="anticon anticon-calendar ant-calendar-picker-icon"><svg viewBox="64 64 896 896" data-icon="calendar" width="1em" height="1em" fill="currentColor" aria-hidden="true" focusable="false" class=""><path d="M880 184H712v-64c0-4.4-3.6-8-8-8h-56c-4.4 0-8 3.6-8 8v64H384v-64c0-4.4-3.6-8-8-8h-56c-4.4 0-8 3.6-8 8v64H144c-17.7 0-32 14.3-32 32v664c0 17.7 14.3 32 32 32h736c17.7 0 32-14.3 32-32V216c0-17.7-14.3-32-32-32zm-40 656H184V460h656v380zM184 392V256h128v48c0 4.4 3.6 8 8 8h56c4.4 0 8-3.6 8-8v-48h256v48c0 4.4 3.6 8 8 8h56c4.4 0 8-3.6 8-8v-48h128v136H184z"></path></svg></i></div></span> <br> <span class="ant-calendar-picker"><div class=""><input readonly="true" placeholder="Select month" class="ant-calendar-picker-input ant-input"><i aria-label="icon: calendar" class="anticon anticon-calendar ant-calendar-picker-icon"><svg viewBox="64 64 896 896" data-icon="calendar" width="1em" height="1em" fill="currentColor" aria-hidden="true" focusable="false" class=""><path d="M880 184H712v-64c0-4.4-3.6-8-8-8h-56c-4.4 0-8 3.6-8 8v64H384v-64c0-4.4-3.6-8-8-8h-56c-4.4 0-8 3.6-8 8v64H144c-17.7 0-32 14.3-32 32v664c0 17.7 14.3 32 32 32h736c17.7 0 32-14.3 32-32V216c0-17.7-14.3-32-32-32zm-40 656H184V460h656v380zM184 392V256h128v48c0 4.4 3.6 8 8 8h56c4.4 0 8-3.6 8-8v-48h256v48c0 4.4 3.6 8 8 8h56c4.4 0 8-3.6 8-8v-48h128v136H184z"></path></svg></i></div></span> <br> <span tabindex="0" class="ant-calendar-picker" style="width: 350px;"><span class="ant-calendar-picker-input ant-input"><input readonly="true" placeholder="Start date" tabindex="-1" class="ant-calendar-range-picker-input"><span class="ant-calendar-range-picker-separator"> ~ </span><input readonly="true" placeholder="End date" tabindex="-1" class="ant-calendar-range-picker-input"><span class="ant-calendar-picker-icon"></span></span></span></div>`;

exports[`renders ./antdv-demo/docs/date-picker/demo/extra-footer.md correctly 1`] = `<div><span class="ant-calendar-picker"><div class=""><input readonly="true" placeholder="Select date" class="ant-calendar-picker-input ant-input"><i aria-label="icon: calendar" class="anticon anticon-calendar ant-calendar-picker-icon"><svg viewBox="64 64 896 896" data-icon="calendar" width="1em" height="1em" fill="currentColor" aria-hidden="true" focusable="false" class=""><path d="M880 184H712v-64c0-4.4-3.6-8-8-8h-56c-4.4 0-8 3.6-8 8v64H384v-64c0-4.4-3.6-8-8-8h-56c-4.4 0-8 3.6-8 8v64H144c-17.7 0-32 14.3-32 32v664c0 17.7 14.3 32 32 32h736c17.7 0 32-14.3 32-32V216c0-17.7-14.3-32-32-32zm-40 656H184V460h656v380zM184 392V256h128v48c0 4.4 3.6 8 8 8h56c4.4 0 8-3.6 8-8v-48h256v48c0 4.4 3.6 8 8 8h56c4.4 0 8-3.6 8-8v-48h128v136H184z"></path></svg></i></div></span> <span class="ant-calendar-picker" style="min-width: 195px;"><div class=""><input readonly="true" placeholder="Select date" class="ant-calendar-picker-input ant-input"><i aria-label="icon: calendar" class="anticon anticon-calendar ant-calendar-picker-icon"><svg viewBox="64 64 896 896" data-icon="calendar" width="1em" height="1em" fill="currentColor" aria-hidden="true" focusable="false" class=""><path d="M880 184H712v-64c0-4.4-3.6-8-8-8h-56c-4.4 0-8 3.6-8 8v64H384v-64c0-4.4-3.6-8-8-8h-56c-4.4 0-8 3.6-8 8v64H144c-17.7 0-32 14.3-32 32v664c0 17.7 14.3 32 32 32h736c17.7 0 32-14.3 32-32V216c0-17.7-14.3-32-32-32zm-40 656H184V460h656v380zM184 392V256h128v48c0 4.4 3.6 8 8 8h56c4.4 0 8-3.6 8-8v-48h256v48c0 4.4 3.6 8 8 8h56c4.4 0 8-3.6 8-8v-48h128v136H184z"></path></svg></i></div></span> <span tabindex="0" class="ant-calendar-picker"><span class="ant-calendar-picker-input ant-input"><input readonly="true" placeholder="Start date" tabindex="-1" class="ant-calendar-range-picker-input"><span class="ant-calendar-range-picker-separator"> ~ </span><input readonly="true" placeholder="End date" tabindex="-1" class="ant-calendar-range-picker-input"><span class="ant-calendar-picker-icon"></span></span></span> <span tabindex="0" class="ant-calendar-picker" style="width: 350px;"><span class="ant-calendar-picker-input ant-input"><input readonly="true" placeholder="Start date" tabindex="-1" class="ant-calendar-range-picker-input"><span class="ant-calendar-range-picker-separator"> ~ </span><input readonly="true" placeholder="End date" tabindex="-1" class="ant-calendar-range-picker-input"><span class="ant-calendar-picker-icon"></span></span></span> <span class="ant-calendar-picker"><div class=""><input readonly="true" placeholder="Select month" class="ant-calendar-picker-input ant-input"><i aria-label="icon: calendar" class="anticon anticon-calendar ant-calendar-picker-icon"><svg viewBox="64 64 896 896" data-icon="calendar" width="1em" height="1em" fill="currentColor" aria-hidden="true" focusable="false" class=""><path d="M880 184H712v-64c0-4.4-3.6-8-8-8h-56c-4.4 0-8 3.6-8 8v64H384v-64c0-4.4-3.6-8-8-8h-56c-4.4 0-8 3.6-8 8v64H144c-17.7 0-32 14.3-32 32v664c0 17.7 14.3 32 32 32h736c17.7 0 32-14.3 32-32V216c0-17.7-14.3-32-32-32zm-40 656H184V460h656v380zM184 392V256h128v48c0 4.4 3.6 8 8 8h56c4.4 0 8-3.6 8-8v-48h256v48c0 4.4 3.6 8 8 8h56c4.4 0 8-3.6 8-8v-48h128v136H184z"></path></svg></i></div></span></div>`;

exports[`renders ./antdv-demo/docs/date-picker/demo/format.md correctly 1`] = `
<div><span class="ant-calendar-picker"><div class=""><input readonly="true" placeholder="Select date" class="ant-calendar-picker-input ant-input"><i aria-label="icon: close-circle" tabindex="-1" class="anticon anticon-close-circle ant-calendar-picker-clear"><svg viewBox="64 64 896 896" data-icon="close-circle" width="1em" height="1em" fill="currentColor" aria-hidden="true" focusable="false" class=""><path d="M512 64C264.6 64 64 264.6 64 512s200.6 448 448 448 448-200.6 448-448S759.4 64 512 64zm165.4 618.2l-66-.3L512 563.4l-99.3 118.4-66.1.3c-4.4 0-8-3.5-8-8 0-1.9.7-3.7 1.9-5.2l130.1-155L340.5 359a8.32 8.32 0 0 1-1.9-5.2c0-4.4 3.6-8 8-8l66.1.3L512 464.6l99.3-118.4 66-.3c4.4 0 8 3.5 8 8 0 1.9-.7 3.7-1.9 5.2L553.5 514l130 155c1.2 1.5 1.9 3.3 1.9 5.2 0 4.4-3.6 8-8 8z"></path></svg></i><i aria-label="icon: calendar" class="anticon anticon-calendar ant-calendar-picker-icon"><svg viewBox="64 64 896 896" data-icon="calendar" width="1em" height="1em" fill="currentColor" aria-hidden="true" focusable="false" class=""><path d="M880 184H712v-64c0-4.4-3.6-8-8-8h-56c-4.4 0-8 3.6-8 8v64H384v-64c0-4.4-3.6-8-8-8h-56c-4.4 0-8 3.6-8 8v64H144c-17.7 0-32 14.3-32 32v664c0 17.7 14.3 32 32 32h736c17.7 0 32-14.3 32-32V216c0-17.7-14.3-32-32-32zm-40 656H184V460h656v380zM184 392V256h128v48c0 4.4 3.6 8 8 8h56c4.4 0 8-3.6 8-8v-48h256v48c0 4.4 3.6 8 8 8h56c4.4 0 8-3.6 8-8v-48h128v136H184z"></path></svg></i></div></span> <br> <span class="ant-calendar-picker"><div class=""><input readonly="true" placeholder="Select date" class="ant-calendar-picker-input ant-input"><i aria-label="icon: close-circle" tabindex="-1" class="anticon anticon-close-circle ant-calendar-picker-clear"><svg viewBox="64 64 896 896" data-icon="close-circle" width="1em" height="1em" fill="currentColor" aria-hidden="true" focusable="false" class=""><path d="M512 64C264.6 64 64 264.6 64 512s200.6 448 448 448 448-200.6 448-448S759.4 64 512 64zm165.4 618.2l-66-.3L512 563.4l-99.3 118.4-66.1.3c-4.4 0-8-3.5-8-8 0-1.9.7-3.7 1.9-5.2l130.1-155L340.5 359a8.32 8.32 0 0 1-1.9-5.2c0-4.4 3.6-8 8-8l66.1.3L512 464.6l99.3-118.4 66-.3c4.4 0 8 3.5 8 8 0 1.9-.7 3.7-1.9 5.2L553.5 514l130 155c1.2 1.5 1.9 3.3 1.9 5.2 0 4.4-3.6 8-8 8z"></path></svg></i><i aria-label="icon: calendar" class="anticon anticon-calendar ant-calendar-picker-icon"><svg viewBox="64 64 896 896" data-icon="calendar" width="1em" height="1em" fill="currentColor" aria-hidden="true" focusable="false" class=""><path d="M880 184H712v-64c0-4.4-3.6-8-8-8h-56c-4.4 0-8 3.6-8 8v64H384v-64c0-4.4-3.6-8-8-8h-56c-4.4 0-8 3.6-8 8v64H144c-17.7 0-32 14.3-32 32v664c0 17.7 14.3 32 32 32h736c17.7 0 32-14.3 32-32V216c0-17.7-14.3-32-32-32zm-40 656H184V460h656v380zM184 392V256h128v48c0 4.4 3.6 8 8 8h56c4.4 0 8-3.6 8-8v-48h256v48c0 4.4 3.6 8 8 8h56c4.4 0 8-3.6 8-8v-48h128v136H184z"></path></svg></i></div></span> <br> <span class="ant-calendar-picker"><div class=""><input readonly="true" placeholder="Select date" class="ant-calendar-picker-input ant-input"><i aria-label="icon: close-circle" tabindex="-1" class="anticon anticon-close-circle ant-calendar-picker-clear"><svg viewBox="64 64 896 896" data-icon="close-circle" width="1em" height="1em" fill="currentColor" aria-hidden="true" focusable="false" class=""><path d="M512 64C264.6 64 64 264.6 64 512s200.6 448 448 448 448-200.6 448-448S759.4 64 512 64zm165.4 618.2l-66-.3L512 563.4l-99.3 118.4-66.1.3c-4.4 0-8-3.5-8-8 0-1.9.7-3.7 1.9-5.2l130.1-155L340.5 359a8.32 8.32 0 0 1-1.9-5.2c0-4.4 3.6-8 8-8l66.1.3L512 464.6l99.3-118.4 66-.3c4.4 0 8 3.5 8 8 0 1.9-.7 3.7-1.9 5.2L553.5 514l130 155c1.2 1.5 1.9 3.3 1.9 5.2 0 4.4-3.6 8-8 8z"></path></svg></i><i aria-label="icon: calendar" class="anticon anticon-calendar ant-calendar-picker-icon"><svg viewBox="64 64 896 896" data-icon="calendar" width="1em" height="1em" fill="currentColor" aria-hidden="true" focusable="false" class=""><path d="M880 184H712v-64c0-4.4-3.6-8-8-8h-56c-4.4 0-8 3.6-8 8v64H384v-64c0-4.4-3.6-8-8-8h-56c-4.4 0-8 3.6-8 8v64H144c-17.7 0-32 14.3-32 32v664c0 17.7 14.3 32 32 32h736c17.7 0 32-14.3 32-32V216c0-17.7-14.3-32-32-32zm-40 656H184V460h656v380zM184 392V256h128v48c0 4.4 3.6 8 8 8h56c4.4 0 8-3.6 8-8v-48h256v48c0 4.4 3.6 8 8 8h56c4.4 0 8-3.6 8-8v-48h128v136H184z"></path></svg></i></div></span> <br> <span tabindex="0" class="ant-calendar-picker"><span class="ant-calendar-picker-input ant-input"><input readonly="true" placeholder="Start date" tabindex="-1" class="ant-calendar-range-picker-input"><span class="ant-calendar-range-picker-separator"> ~ </span><input readonly="true" placeholder="End date" tabindex="-1" class="ant-calendar-range-picker-input"><i aria-label="icon: close-circle" tabindex="-1" class="anticon anticon-close-circle ant-calendar-picker-clear"><svg viewBox="64 64 896 896" data-icon="close-circle" width="1em" height="1em" fill="currentColor" aria-hidden="true" focusable="false" class="">
      <path d="M512 64C264.6 64 64 264.6 64 512s200.6 448 448 448 448-200.6 448-448S759.4 64 512 64zm165.4 618.2l-66-.3L512 563.4l-99.3 118.4-66.1.3c-4.4 0-8-3.5-8-8 0-1.9.7-3.7 1.9-5.2l130.1-155L340.5 359a8.32 8.32 0 0 1-1.9-5.2c0-4.4 3.6-8 8-8l66.1.3L512 464.6l99.3-118.4 66-.3c4.4 0 8 3.5 8 8 0 1.9-.7 3.7-1.9 5.2L553.5 514l130 155c1.2 1.5 1.9 3.3 1.9 5.2 0 4.4-3.6 8-8 8z"></path>
    </svg></i><span class="ant-calendar-picker-icon"></span></span></span></div>
`;

exports[`renders ./antdv-demo/docs/date-picker/demo/mode.md correctly 1`] = `<div><span class="ant-calendar-picker" style="min-width: 195px;"><div class=""><input readonly="true" placeholder="Select date" class="ant-calendar-picker-input ant-input"><i aria-label="icon: calendar" class="anticon anticon-calendar ant-calendar-picker-icon"><svg viewBox="64 64 896 896" data-icon="calendar" width="1em" height="1em" fill="currentColor" aria-hidden="true" focusable="false" class=""><path d="M880 184H712v-64c0-4.4-3.6-8-8-8h-56c-4.4 0-8 3.6-8 8v64H384v-64c0-4.4-3.6-8-8-8h-56c-4.4 0-8 3.6-8 8v64H144c-17.7 0-32 14.3-32 32v664c0 17.7 14.3 32 32 32h736c17.7 0 32-14.3 32-32V216c0-17.7-14.3-32-32-32zm-40 656H184V460h656v380zM184 392V256h128v48c0 4.4 3.6 8 8 8h56c4.4 0 8-3.6 8-8v-48h256v48c0 4.4 3.6 8 8 8h56c4.4 0 8-3.6 8-8v-48h128v136H184z"></path></svg></i></div></span> <br> <span tabindex="0" class="ant-calendar-picker"><span class="ant-calendar-picker-input ant-input"><input readonly="true" placeholder="Start month" tabindex="-1" class="ant-calendar-range-picker-input"><span class="ant-calendar-range-picker-separator"> ~ </span><input readonly="true" placeholder="End month" tabindex="-1" class="ant-calendar-range-picker-input"><span class="ant-calendar-picker-icon"></span></span></span></div>`;

exports[`renders ./antdv-demo/docs/date-picker/demo/presetted-ranges.md correctly 1`] = `<div><span tabindex="0" class="ant-calendar-picker"><span class="ant-calendar-picker-input ant-input"><input readonly="true" placeholder="Start date" tabindex="-1" class="ant-calendar-range-picker-input"><span class="ant-calendar-range-picker-separator"> ~ </span><input readonly="true" placeholder="End date" tabindex="-1" class="ant-calendar-range-picker-input"><span class="ant-calendar-picker-icon"></span></span></span> <br> <span tabindex="0" class="ant-calendar-picker" style="width: 350px;"><span class="ant-calendar-picker-input ant-input"><input readonly="true" placeholder="Start date" tabindex="-1" class="ant-calendar-range-picker-input"><span class="ant-calendar-range-picker-separator"> ~ </span><input readonly="true" placeholder="End date" tabindex="-1" class="ant-calendar-range-picker-input"><span class="ant-calendar-picker-icon"></span></span></span></div>`;

exports[`renders ./antdv-demo/docs/date-picker/demo/size.md correctly 1`] = `
<div>
  <div class="ant-radio-group ant-radio-group-outline ant-radio-group-default"><label class="ant-radio-button-wrapper"><span class="ant-radio-button"><input type="radio" class="ant-radio-button-input" value="large"><span class="ant-radio-button-inner"></span></span><span>Large</span></label><label class="ant-radio-button-wrapper ant-radio-button-wrapper-checked"><span class="ant-radio-button ant-radio-button-checked"><input type="radio" class="ant-radio-button-input" value="default"><span class="ant-radio-button-inner"></span></span><span>Default</span></label><label class="ant-radio-button-wrapper"><span class="ant-radio-button"><input type="radio" class="ant-radio-button-input" value="small"><span class="ant-radio-button-inner"></span></span><span>Small</span></label></div> <br><br> <span class="ant-calendar-picker ant-calendar-picker-default"><div class=""><input readonly="true" placeholder="Select date" class="ant-calendar-picker-input ant-input"><i aria-label="icon: calendar" class="anticon anticon-calendar ant-calendar-picker-icon"><svg viewBox="64 64 896 896" data-icon="calendar" width="1em" height="1em" fill="currentColor" aria-hidden="true" focusable="false" class=""><path d="M880 184H712v-64c0-4.4-3.6-8-8-8h-56c-4.4 0-8 3.6-8 8v64H384v-64c0-4.4-3.6-8-8-8h-56c-4.4 0-8 3.6-8 8v64H144c-17.7 0-32 14.3-32 32v664c0 17.7 14.3 32 32 32h736c17.7 0 32-14.3 32-32V216c0-17.7-14.3-32-32-32zm-40 656H184V460h656v380zM184 392V256h128v48c0 4.4 3.6 8 8 8h56c4.4 0 8-3.6 8-8v-48h256v48c0 4.4 3.6 8 8 8h56c4.4 0 8-3.6 8-8v-48h128v136H184z"></path></svg></i></div></span> <br> <span class="ant-calendar-picker ant-calendar-picker-default"><div class=""><input readonly="true" placeholder="Select Month" class="ant-calendar-picker-input ant-input"><i aria-label="icon: calendar" class="anticon anticon-calendar ant-calendar-picker-icon"><svg viewBox="64 64 896 896" data-icon="calendar" width="1em" height="1em" fill="currentColor" aria-hidden="true" focusable="false" class=""><path d="M880 184H712v-64c0-4.4-3.6-8-8-8h-56c-4.4 0-8 3.6-8 8v64H384v-64c0-4.4-3.6-8-8-8h-56c-4.4 0-8 3.6-8 8v64H144c-17.7 0-32 14.3-32 32v664c0 17.7 14.3 32 32 32h736c17.7 0 32-14.3 32-32V216c0-17.7-14.3-32-32-32zm-40 656H184V460h656v380zM184 392V256h128v48c0 4.4 3.6 8 8 8h56c4.4 0 8-3.6 8-8v-48h256v48c0 4.4 3.6 8 8 8h56c4.4 0 8-3.6 8-8v-48h128v136H184z"></path></svg></i></div></span> <br> <span tabindex="0" class="ant-calendar-picker ant-calendar-picker-default"><span class="ant-calendar-picker-input ant-input"><input readonly="true" placeholder="Start date" tabindex="-1" class="ant-calendar-range-picker-input"><span class="ant-calendar-range-picker-separator"> ~ </span><input readonly="true" placeholder="End date" tabindex="-1" class="ant-calendar-range-picker-input"><span class="ant-calendar-picker-icon"></span></span></span> <br> <span class="ant-calendar-picker ant-calendar-picker-default"><span class="" style="display: inline-block; width: 100%;"><input readonly="true" placeholder="Select Week" class="ant-calendar-picker-input ant-input"><span class="ant-calendar-picker-icon"></span></span></span>
</div>
`;

exports[`renders ./antdv-demo/docs/date-picker/demo/start-end.md correctly 1`] = `<div><span class="ant-calendar-picker" style="min-width: 195px;"><div class=""><input readonly="true" placeholder="Start" class="ant-calendar-picker-input ant-input"><i aria-label="icon: calendar" class="anticon anticon-calendar ant-calendar-picker-icon"><svg viewBox="64 64 896 896" data-icon="calendar" width="1em" height="1em" fill="currentColor" aria-hidden="true" focusable="false" class=""><path d="M880 184H712v-64c0-4.4-3.6-8-8-8h-56c-4.4 0-8 3.6-8 8v64H384v-64c0-4.4-3.6-8-8-8h-56c-4.4 0-8 3.6-8 8v64H144c-17.7 0-32 14.3-32 32v664c0 17.7 14.3 32 32 32h736c17.7 0 32-14.3 32-32V216c0-17.7-14.3-32-32-32zm-40 656H184V460h656v380zM184 392V256h128v48c0 4.4 3.6 8 8 8h56c4.4 0 8-3.6 8-8v-48h256v48c0 4.4 3.6 8 8 8h56c4.4 0 8-3.6 8-8v-48h128v136H184z"></path></svg></i></div></span> <span class="ant-calendar-picker" style="min-width: 195px;"><div class=""><input readonly="true" placeholder="End" class="ant-calendar-picker-input ant-input"><i aria-label="icon: calendar" class="anticon anticon-calendar ant-calendar-picker-icon"><svg viewBox="64 64 896 896" data-icon="calendar" width="1em" height="1em" fill="currentColor" aria-hidden="true" focusable="false" class=""><path d="M880 184H712v-64c0-4.4-3.6-8-8-8h-56c-4.4 0-8 3.6-8 8v64H384v-64c0-4.4-3.6-8-8-8h-56c-4.4 0-8 3.6-8 8v64H144c-17.7 0-32 14.3-32 32v664c0 17.7 14.3 32 32 32h736c17.7 0 32-14.3 32-32V216c0-17.7-14.3-32-32-32zm-40 656H184V460h656v380zM184 392V256h128v48c0 4.4 3.6 8 8 8h56c4.4 0 8-3.6 8-8v-48h256v48c0 4.4 3.6 8 8 8h56c4.4 0 8-3.6 8-8v-48h128v136H184z"></path></svg></i></div></span></div>`;

exports[`renders ./antdv-demo/docs/date-picker/demo/suffix.md correctly 1`] = `
<div><span class="ant-calendar-picker"><div class=""><input readonly="true" placeholder="Select date" class="ant-calendar-picker-input ant-input"><i aria-label="icon: smile" class="anticon anticon-smile ant-calendar-picker-icon"><svg viewBox="64 64 896 896" data-icon="smile" width="1em" height="1em" fill="currentColor" aria-hidden="true" focusable="false" class=""><path d="M288 421a48 48 0 1 0 96 0 48 48 0 1 0-96 0zm352 0a48 48 0 1 0 96 0 48 48 0 1 0-96 0zM512 64C264.6 64 64 264.6 64 512s200.6 448 448 448 448-200.6 448-448S759.4 64 512 64zm263 711c-34.2 34.2-74 61-118.3 79.8C611 874.2 562.3 884 512 884c-50.3 0-99-9.8-144.8-29.2A370.4 370.4 0 0 1 248.9 775c-34.2-34.2-61-74-79.8-118.3C149.8 611 140 562.3 140 512s9.8-99 29.2-144.8A370.4 370.4 0 0 1 249 248.9c34.2-34.2 74-61 118.3-79.8C413 149.8 461.7 140 512 140c50.3 0 99 9.8 144.8 29.2A370.4 370.4 0 0 1 775.1 249c34.2 34.2 61 74 79.8 118.3C874.2 413 884 461.7 884 512s-9.8 99-29.2 144.8A368.89 368.89 0 0 1 775 775zM664 533h-48.1c-4.2 0-7.8 3.2-8.1 7.4C604 589.9 562.5 629 512 629s-92.1-39.1-95.8-88.6c-.3-4.2-3.9-7.4-8.1-7.4H360a8 8 0 0 0-8 8.4c4.4 84.3 74.5 151.6 160 151.6s155.6-67.3 160-151.6a8 8 0 0 0-8-8.4z"></path></svg></i></div></span> <br> <span class="ant-calendar-picker"><div class=""><input readonly="true" placeholder="Select month" class="ant-calendar-picker-input ant-input"><i aria-label="icon: smile" class="anticon anticon-smile ant-calendar-picker-icon"><svg viewBox="64 64 896 896" data-icon="smile" width="1em" height="1em" fill="currentColor" aria-hidden="true" focusable="false" class=""><path d="M288 421a48 48 0 1 0 96 0 48 48 0 1 0-96 0zm352 0a48 48 0 1 0 96 0 48 48 0 1 0-96 0zM512 64C264.6 64 64 264.6 64 512s200.6 448 448 448 448-200.6 448-448S759.4 64 512 64zm263 711c-34.2 34.2-74 61-118.3 79.8C611 874.2 562.3 884 512 884c-50.3 0-99-9.8-144.8-29.2A370.4 370.4 0 0 1 248.9 775c-34.2-34.2-61-74-79.8-118.3C149.8 611 140 562.3 140 512s9.8-99 29.2-144.8A370.4 370.4 0 0 1 249 248.9c34.2-34.2 74-61 118.3-79.8C413 149.8 461.7 140 512 140c50.3 0 99 9.8 144.8 29.2A370.4 370.4 0 0 1 775.1 249c34.2 34.2 61 74 79.8 118.3C874.2 413 884 461.7 884 512s-9.8 99-29.2 144.8A368.89 368.89 0 0 1 775 775zM664 533h-48.1c-4.2 0-7.8 3.2-8.1 7.4C604 589.9 562.5 629 512 629s-92.1-39.1-95.8-88.6c-.3-4.2-3.9-7.4-8.1-7.4H360a8 8 0 0 0-8 8.4c4.4 84.3 74.5 151.6 160 151.6s155.6-67.3 160-151.6a8 8 0 0 0-8-8.4z"></path></svg></i></div></span> <br> <span tabindex="0" class="ant-calendar-picker"><span class="ant-calendar-picker-input ant-input"><input readonly="true" placeholder="Start date" tabindex="-1" class="ant-calendar-range-picker-input"><span class="ant-calendar-range-picker-separator"> ~ </span><input readonly="true" placeholder="End date" tabindex="-1" class="ant-calendar-range-picker-input"><i aria-label="icon: smile" class="anticon anticon-smile ant-calendar-picker-icon"><svg viewBox="64 64 896 896" data-icon="smile" width="1em" height="1em" fill="currentColor" aria-hidden="true" focusable="false" class="">
      <path d="M288 421a48 48 0 1 0 96 0 48 48 0 1 0-96 0zm352 0a48 48 0 1 0 96 0 48 48 0 1 0-96 0zM512 64C264.6 64 64 264.6 64 512s200.6 448 448 448 448-200.6 448-448S759.4 64 512 64zm263 711c-34.2 34.2-74 61-118.3 79.8C611 874.2 562.3 884 512 884c-50.3 0-99-9.8-144.8-29.2A370.4 370.4 0 0 1 248.9 775c-34.2-34.2-61-74-79.8-118.3C149.8 611 140 562.3 140 512s9.8-99 29.2-144.8A370.4 370.4 0 0 1 249 248.9c34.2-34.2 74-61 118.3-79.8C413 149.8 461.7 140 512 140c50.3 0 99 9.8 144.8 29.2A370.4 370.4 0 0 1 775.1 249c34.2 34.2 61 74 79.8 118.3C874.2 413 884 461.7 884 512s-9.8 99-29.2 144.8A368.89 368.89 0 0 1 775 775zM664 533h-48.1c-4.2 0-7.8 3.2-8.1 7.4C604 589.9 562.5 629 512 629s-92.1-39.1-95.8-88.6c-.3-4.2-3.9-7.4-8.1-7.4H360a8 8 0 0 0-8 8.4c4.4 84.3 74.5 151.6 160 151.6s155.6-67.3 160-151.6a8 8 0 0 0-8-8.4z"></path>
    </svg></i></span></span> <br> <span class="ant-calendar-picker"><span class="" style="display: inline-block; width: 100%;"><input readonly="true" placeholder="Select week" class="ant-calendar-picker-input ant-input"><i aria-label="icon: smile" class="anticon anticon-smile ant-calendar-picker-icon"><svg viewBox="64 64 896 896" data-icon="smile" width="1em" height="1em" fill="currentColor" aria-hidden="true" focusable="false" class=""><path d="M288 421a48 48 0 1 0 96 0 48 48 0 1 0-96 0zm352 0a48 48 0 1 0 96 0 48 48 0 1 0-96 0zM512 64C264.6 64 64 264.6 64 512s200.6 448 448 448 448-200.6 448-448S759.4 64 512 64zm263 711c-34.2 34.2-74 61-118.3 79.8C611 874.2 562.3 884 512 884c-50.3 0-99-9.8-144.8-29.2A370.4 370.4 0 0 1 248.9 775c-34.2-34.2-61-74-79.8-118.3C149.8 611 140 562.3 140 512s9.8-99 29.2-144.8A370.4 370.4 0 0 1 249 248.9c34.2-34.2 74-61 118.3-79.8C413 149.8 461.7 140 512 140c50.3 0 99 9.8 144.8 29.2A370.4 370.4 0 0 1 775.1 249c34.2 34.2 61 74 79.8 118.3C874.2 413 884 461.7 884 512s-9.8 99-29.2 144.8A368.89 368.89 0 0 1 775 775zM664 533h-48.1c-4.2 0-7.8 3.2-8.1 7.4C604 589.9 562.5 629 512 629s-92.1-39.1-95.8-88.6c-.3-4.2-3.9-7.4-8.1-7.4H360a8 8 0 0 0-8 8.4c4.4 84.3 74.5 151.6 160 151.6s155.6-67.3 160-151.6a8 8 0 0 0-8-8.4z"></path></svg></i></span></span> <br> <span class="ant-calendar-picker"><div class=""><input readonly="true" placeholder="Select date" class="ant-calendar-picker-input ant-input"><span class="ant-calendar-picker-icon">ab</span></div></span> <br> <span class="ant-calendar-picker"><div class=""><input readonly="true" placeholder="Select month" class="ant-calendar-picker-input ant-input"><span class="ant-calendar-picker-icon">ab</span></div></span> <br> <span tabindex="0" class="ant-calendar-picker"><span class="ant-calendar-picker-input ant-input"><input readonly="true" placeholder="Start date" tabindex="-1" class="ant-calendar-range-picker-input"><span class="ant-calendar-range-picker-separator"> ~ </span><input readonly="true" placeholder="End date" tabindex="-1" class="ant-calendar-range-picker-input"><span class="ant-calendar-picker-icon">ab</span></span></span> <br> <span class="ant-calendar-picker"><span class="" style="display: inline-block; width: 100%;"><input readonly="true" placeholder="Select week" class="ant-calendar-picker-input ant-input"><span class="ant-calendar-picker-icon">ab</span></span></span></div>
`;

exports[`renders ./antdv-demo/docs/date-picker/demo/text.md correctly 1`] = `
<div><span class="ant-calendar-picker"><span class="">SelectTime</span></span> <br> <span tabindex="0" class="ant-calendar-picker"><span class="">
      请选择
    </span></span></div>
`;

exports[`renders ./antdv-demo/docs/date-picker/demo/time.md correctly 1`] = `<div><span class="ant-calendar-picker" style="min-width: 195px;"><div class=""><input readonly="true" placeholder="Select Time" class="ant-calendar-picker-input ant-input"><i aria-label="icon: calendar" class="anticon anticon-calendar ant-calendar-picker-icon"><svg viewBox="64 64 896 896" data-icon="calendar" width="1em" height="1em" fill="currentColor" aria-hidden="true" focusable="false" class=""><path d="M880 184H712v-64c0-4.4-3.6-8-8-8h-56c-4.4 0-8 3.6-8 8v64H384v-64c0-4.4-3.6-8-8-8h-56c-4.4 0-8 3.6-8 8v64H144c-17.7 0-32 14.3-32 32v664c0 17.7 14.3 32 32 32h736c17.7 0 32-14.3 32-32V216c0-17.7-14.3-32-32-32zm-40 656H184V460h656v380zM184 392V256h128v48c0 4.4 3.6 8 8 8h56c4.4 0 8-3.6 8-8v-48h256v48c0 4.4 3.6 8 8 8h56c4.4 0 8-3.6 8-8v-48h128v136H184z"></path></svg></i></div></span> <br> <span tabindex="0" class="ant-calendar-picker" style="width: 350px;"><span class="ant-calendar-picker-input ant-input"><input readonly="true" placeholder="Start Time" tabindex="-1" class="ant-calendar-range-picker-input"><span class="ant-calendar-range-picker-separator"> ~ </span><input readonly="true" placeholder="End Time" tabindex="-1" class="ant-calendar-range-picker-input"><span class="ant-calendar-picker-icon"></span></span></span></div>`;
